Archive member included to satisfy reference by file (symbol)

c:/program files (x86)/atmel/studio/7.0/toolchain/avr8/avr8-gnu-toolchain/bin/../lib/gcc/avr/5.4.0/avr5\libgcc.a(_exit.o)
                              C:/Program Files (x86)/Atmel/Studio/7.0/Packs/atmel/ATmega_DFP/1.7.374/gcc/dev/atmega32/avr5/crtatmega32.o (exit)
c:/program files (x86)/atmel/studio/7.0/toolchain/avr8/avr8-gnu-toolchain/bin/../lib/gcc/avr/5.4.0/avr5\libgcc.a(_copy_data.o)
                              MCAL/timers/timers.o (__do_copy_data)
c:/program files (x86)/atmel/studio/7.0/toolchain/avr8/avr8-gnu-toolchain/bin/../lib/gcc/avr/5.4.0/avr5\libgcc.a(_clear_bss.o)
                              application.o (__do_clear_bss)
c:/program files (x86)/atmel/studio/7.0/toolchain/avr8/avr8-gnu-toolchain/bin/../lib/gcc/avr/5.4.0/avr5\libgcc.a(_umulhisi3.o)
                              MCAL/timers/timers.o (__umulhisi3)

Allocating common symbols
Common symbol       size              file

WalkerTrafficLights
                    0x12              application.o
walker_btn          0x4               application.o
PowerIndicator      0x4               application.o
locker              0x1               application.o
CarTrafficLights    0x14              application.o

Discarded input sections

 .data          0x00000000        0x0 C:/Program Files (x86)/Atmel/Studio/7.0/Packs/atmel/ATmega_DFP/1.7.374/gcc/dev/atmega32/avr5/crtatmega32.o
 .bss           0x00000000        0x0 C:/Program Files (x86)/Atmel/Studio/7.0/Packs/atmel/ATmega_DFP/1.7.374/gcc/dev/atmega32/avr5/crtatmega32.o
 .text          0x00000000        0x0 application.o
 .data          0x00000000        0x0 application.o
 .bss           0x00000000        0x0 application.o
 .text          0x00000000        0x0 ECUCAL/buttons/button.o
 .data          0x00000000        0x0 ECUCAL/buttons/button.o
 .bss           0x00000000        0x0 ECUCAL/buttons/button.o
 .text          0x00000000        0x0 ECUCAL/leds/led.o
 .data          0x00000000        0x0 ECUCAL/leds/led.o
 .bss           0x00000000        0x0 ECUCAL/leds/led.o
 .text          0x00000000        0x0 ECUCAL/TrafficLights/traffic.o
 .data          0x00000000        0x0 ECUCAL/TrafficLights/traffic.o
 .bss           0x00000000        0x0 ECUCAL/TrafficLights/traffic.o
 .text          0x00000000        0x0 main.o
 .data          0x00000000        0x0 main.o
 .bss           0x00000000        0x0 main.o
 .text          0x00000000        0x0 MCAL/gpio/gpio.o
 .data          0x00000000        0x0 MCAL/gpio/gpio.o
 .bss           0x00000000        0x0 MCAL/gpio/gpio.o
 .debug_line    0x00000000        0x0 MCAL/gpio/gpio.o
 .debug_str     0x00000000      0x10f MCAL/gpio/gpio.o
 .comment       0x00000000       0x31 MCAL/gpio/gpio.o
 .text          0x00000000        0x0 MCAL/timers/timers.o
 .data          0x00000000        0x0 MCAL/timers/timers.o
 .bss           0x00000000        0x0 MCAL/timers/timers.o
 .text.Timer0_ch1RST
                0x00000000        0xa MCAL/timers/timers.o
 .text.Timer0_ch3RST
                0x00000000        0xa MCAL/timers/timers.o
 .text.Timer0_ch5RST
                0x00000000        0x2 MCAL/timers/timers.o
 .text.Timer0_init_ch5
                0x00000000        0x2 MCAL/timers/timers.o
 .text          0x00000000        0x0 SERVICE/CarTrafficlights/cartraffic.o
 .data          0x00000000        0x0 SERVICE/CarTrafficlights/cartraffic.o
 .bss           0x00000000        0x0 SERVICE/CarTrafficlights/cartraffic.o
 .text          0x00000000        0x0 SERVICE/WalkerInterface/walkerinterface.o
 .data          0x00000000        0x0 SERVICE/WalkerInterface/walkerinterface.o
 .bss           0x00000000        0x0 SERVICE/WalkerInterface/walkerinterface.o
 .text          0x00000000        0x0 SERVICE/WalkerTrafficLights/walkertraffic.o
 .data          0x00000000        0x0 SERVICE/WalkerTrafficLights/walkertraffic.o
 .bss           0x00000000        0x0 SERVICE/WalkerTrafficLights/walkertraffic.o
 .text          0x00000000        0x0 c:/program files (x86)/atmel/studio/7.0/toolchain/avr8/avr8-gnu-toolchain/bin/../lib/gcc/avr/5.4.0/avr5\libgcc.a(_exit.o)
 .data          0x00000000        0x0 c:/program files (x86)/atmel/studio/7.0/toolchain/avr8/avr8-gnu-toolchain/bin/../lib/gcc/avr/5.4.0/avr5\libgcc.a(_exit.o)
 .bss           0x00000000        0x0 c:/program files (x86)/atmel/studio/7.0/toolchain/avr8/avr8-gnu-toolchain/bin/../lib/gcc/avr/5.4.0/avr5\libgcc.a(_exit.o)
 .text.libgcc.mul
                0x00000000        0x0 c:/program files (x86)/atmel/studio/7.0/toolchain/avr8/avr8-gnu-toolchain/bin/../lib/gcc/avr/5.4.0/avr5\libgcc.a(_exit.o)
 .text.libgcc.div
                0x00000000        0x0 c:/program files (x86)/atmel/studio/7.0/toolchain/avr8/avr8-gnu-toolchain/bin/../lib/gcc/avr/5.4.0/avr5\libgcc.a(_exit.o)
 .text.libgcc   0x00000000        0x0 c:/program files (x86)/atmel/studio/7.0/toolchain/avr8/avr8-gnu-toolchain/bin/../lib/gcc/avr/5.4.0/avr5\libgcc.a(_exit.o)
 .text.libgcc.prologue
                0x00000000        0x0 c:/program files (x86)/atmel/studio/7.0/toolchain/avr8/avr8-gnu-toolchain/bin/../lib/gcc/avr/5.4.0/avr5\libgcc.a(_exit.o)
 .text.libgcc.builtins
                0x00000000        0x0 c:/program files (x86)/atmel/studio/7.0/toolchain/avr8/avr8-gnu-toolchain/bin/../lib/gcc/avr/5.4.0/avr5\libgcc.a(_exit.o)
 .text.libgcc.fmul
                0x00000000        0x0 c:/program files (x86)/atmel/studio/7.0/toolchain/avr8/avr8-gnu-toolchain/bin/../lib/gcc/avr/5.4.0/avr5\libgcc.a(_exit.o)
 .text.libgcc.fixed
                0x00000000        0x0 c:/program files (x86)/atmel/studio/7.0/toolchain/avr8/avr8-gnu-toolchain/bin/../lib/gcc/avr/5.4.0/avr5\libgcc.a(_exit.o)
 .text          0x00000000        0x0 c:/program files (x86)/atmel/studio/7.0/toolchain/avr8/avr8-gnu-toolchain/bin/../lib/gcc/avr/5.4.0/avr5\libgcc.a(_copy_data.o)
 .data          0x00000000        0x0 c:/program files (x86)/atmel/studio/7.0/toolchain/avr8/avr8-gnu-toolchain/bin/../lib/gcc/avr/5.4.0/avr5\libgcc.a(_copy_data.o)
 .bss           0x00000000        0x0 c:/program files (x86)/atmel/studio/7.0/toolchain/avr8/avr8-gnu-toolchain/bin/../lib/gcc/avr/5.4.0/avr5\libgcc.a(_copy_data.o)
 .text.libgcc.mul
                0x00000000        0x0 c:/program files (x86)/atmel/studio/7.0/toolchain/avr8/avr8-gnu-toolchain/bin/../lib/gcc/avr/5.4.0/avr5\libgcc.a(_copy_data.o)
 .text.libgcc.div
                0x00000000        0x0 c:/program files (x86)/atmel/studio/7.0/toolchain/avr8/avr8-gnu-toolchain/bin/../lib/gcc/avr/5.4.0/avr5\libgcc.a(_copy_data.o)
 .text.libgcc   0x00000000        0x0 c:/program files (x86)/atmel/studio/7.0/toolchain/avr8/avr8-gnu-toolchain/bin/../lib/gcc/avr/5.4.0/avr5\libgcc.a(_copy_data.o)
 .text.libgcc.prologue
                0x00000000        0x0 c:/program files (x86)/atmel/studio/7.0/toolchain/avr8/avr8-gnu-toolchain/bin/../lib/gcc/avr/5.4.0/avr5\libgcc.a(_copy_data.o)
 .text.libgcc.builtins
                0x00000000        0x0 c:/program files (x86)/atmel/studio/7.0/toolchain/avr8/avr8-gnu-toolchain/bin/../lib/gcc/avr/5.4.0/avr5\libgcc.a(_copy_data.o)
 .text.libgcc.fmul
                0x00000000        0x0 c:/program files (x86)/atmel/studio/7.0/toolchain/avr8/avr8-gnu-toolchain/bin/../lib/gcc/avr/5.4.0/avr5\libgcc.a(_copy_data.o)
 .text.libgcc.fixed
                0x00000000        0x0 c:/program files (x86)/atmel/studio/7.0/toolchain/avr8/avr8-gnu-toolchain/bin/../lib/gcc/avr/5.4.0/avr5\libgcc.a(_copy_data.o)
 .text          0x00000000        0x0 c:/program files (x86)/atmel/studio/7.0/toolchain/avr8/avr8-gnu-toolchain/bin/../lib/gcc/avr/5.4.0/avr5\libgcc.a(_clear_bss.o)
 .data          0x00000000        0x0 c:/program files (x86)/atmel/studio/7.0/toolchain/avr8/avr8-gnu-toolchain/bin/../lib/gcc/avr/5.4.0/avr5\libgcc.a(_clear_bss.o)
 .bss           0x00000000        0x0 c:/program files (x86)/atmel/studio/7.0/toolchain/avr8/avr8-gnu-toolchain/bin/../lib/gcc/avr/5.4.0/avr5\libgcc.a(_clear_bss.o)
 .text.libgcc.mul
                0x00000000        0x0 c:/program files (x86)/atmel/studio/7.0/toolchain/avr8/avr8-gnu-toolchain/bin/../lib/gcc/avr/5.4.0/avr5\libgcc.a(_clear_bss.o)
 .text.libgcc.div
                0x00000000        0x0 c:/program files (x86)/atmel/studio/7.0/toolchain/avr8/avr8-gnu-toolchain/bin/../lib/gcc/avr/5.4.0/avr5\libgcc.a(_clear_bss.o)
 .text.libgcc   0x00000000        0x0 c:/program files (x86)/atmel/studio/7.0/toolchain/avr8/avr8-gnu-toolchain/bin/../lib/gcc/avr/5.4.0/avr5\libgcc.a(_clear_bss.o)
 .text.libgcc.prologue
                0x00000000        0x0 c:/program files (x86)/atmel/studio/7.0/toolchain/avr8/avr8-gnu-toolchain/bin/../lib/gcc/avr/5.4.0/avr5\libgcc.a(_clear_bss.o)
 .text.libgcc.builtins
                0x00000000        0x0 c:/program files (x86)/atmel/studio/7.0/toolchain/avr8/avr8-gnu-toolchain/bin/../lib/gcc/avr/5.4.0/avr5\libgcc.a(_clear_bss.o)
 .text.libgcc.fmul
                0x00000000        0x0 c:/program files (x86)/atmel/studio/7.0/toolchain/avr8/avr8-gnu-toolchain/bin/../lib/gcc/avr/5.4.0/avr5\libgcc.a(_clear_bss.o)
 .text.libgcc.fixed
                0x00000000        0x0 c:/program files (x86)/atmel/studio/7.0/toolchain/avr8/avr8-gnu-toolchain/bin/../lib/gcc/avr/5.4.0/avr5\libgcc.a(_clear_bss.o)
 .text          0x00000000        0x0 c:/program files (x86)/atmel/studio/7.0/toolchain/avr8/avr8-gnu-toolchain/bin/../lib/gcc/avr/5.4.0/avr5\libgcc.a(_umulhisi3.o)
 .data          0x00000000        0x0 c:/program files (x86)/atmel/studio/7.0/toolchain/avr8/avr8-gnu-toolchain/bin/../lib/gcc/avr/5.4.0/avr5\libgcc.a(_umulhisi3.o)
 .bss           0x00000000        0x0 c:/program files (x86)/atmel/studio/7.0/toolchain/avr8/avr8-gnu-toolchain/bin/../lib/gcc/avr/5.4.0/avr5\libgcc.a(_umulhisi3.o)
 .text.libgcc.div
                0x00000000        0x0 c:/program files (x86)/atmel/studio/7.0/toolchain/avr8/avr8-gnu-toolchain/bin/../lib/gcc/avr/5.4.0/avr5\libgcc.a(_umulhisi3.o)
 .text.libgcc   0x00000000        0x0 c:/program files (x86)/atmel/studio/7.0/toolchain/avr8/avr8-gnu-toolchain/bin/../lib/gcc/avr/5.4.0/avr5\libgcc.a(_umulhisi3.o)
 .text.libgcc.prologue
                0x00000000        0x0 c:/program files (x86)/atmel/studio/7.0/toolchain/avr8/avr8-gnu-toolchain/bin/../lib/gcc/avr/5.4.0/avr5\libgcc.a(_umulhisi3.o)
 .text.libgcc.builtins
                0x00000000        0x0 c:/program files (x86)/atmel/studio/7.0/toolchain/avr8/avr8-gnu-toolchain/bin/../lib/gcc/avr/5.4.0/avr5\libgcc.a(_umulhisi3.o)
 .text.libgcc.fmul
                0x00000000        0x0 c:/program files (x86)/atmel/studio/7.0/toolchain/avr8/avr8-gnu-toolchain/bin/../lib/gcc/avr/5.4.0/avr5\libgcc.a(_umulhisi3.o)
 .text.libgcc.fixed
                0x00000000        0x0 c:/program files (x86)/atmel/studio/7.0/toolchain/avr8/avr8-gnu-toolchain/bin/../lib/gcc/avr/5.4.0/avr5\libgcc.a(_umulhisi3.o)

Memory Configuration

Name             Origin             Length             Attributes
text             0x00000000         0x00008000         xr
data             0x00800060         0x00000800         rw !x
eeprom           0x00810000         0x00000400         rw !x
fuse             0x00820000         0x00000002         rw !x
lock             0x00830000         0x00000400         rw !x
signature        0x00840000         0x00000400         rw !x
user_signatures  0x00850000         0x00000400         rw !x
*default*        0x00000000         0xffffffff

Linker script and memory map

LOAD C:/Program Files (x86)/Atmel/Studio/7.0/Packs/atmel/ATmega_DFP/1.7.374/gcc/dev/atmega32/avr5/crtatmega32.o
LOAD application.o
LOAD ECUCAL/buttons/button.o
LOAD ECUCAL/leds/led.o
LOAD ECUCAL/TrafficLights/traffic.o
LOAD main.o
LOAD MCAL/gpio/gpio.o
LOAD MCAL/timers/timers.o
LOAD SERVICE/CarTrafficlights/cartraffic.o
LOAD SERVICE/WalkerInterface/walkerinterface.o
LOAD SERVICE/WalkerTrafficLights/walkertraffic.o
START GROUP
LOAD c:/program files (x86)/atmel/studio/7.0/toolchain/avr8/avr8-gnu-toolchain/bin/../lib/gcc/avr/5.4.0/../../../../avr/lib/avr5\libm.a
END GROUP
START GROUP
LOAD c:/program files (x86)/atmel/studio/7.0/toolchain/avr8/avr8-gnu-toolchain/bin/../lib/gcc/avr/5.4.0/avr5\libgcc.a
LOAD c:/program files (x86)/atmel/studio/7.0/toolchain/avr8/avr8-gnu-toolchain/bin/../lib/gcc/avr/5.4.0/../../../../avr/lib/avr5\libm.a
LOAD c:/program files (x86)/atmel/studio/7.0/toolchain/avr8/avr8-gnu-toolchain/bin/../lib/gcc/avr/5.4.0/../../../../avr/lib/avr5\libc.a
LOAD C:/Program Files (x86)/Atmel/Studio/7.0/Packs/atmel/ATmega_DFP/1.7.374/gcc/dev/atmega32/avr5\libatmega32.a
END GROUP
                0x00000000                __TEXT_REGION_ORIGIN__ = DEFINED (__TEXT_REGION_ORIGIN__)?__TEXT_REGION_ORIGIN__:0x0
                [0x00800060]                __DATA_REGION_ORIGIN__ = DEFINED (__DATA_REGION_ORIGIN__)?__DATA_REGION_ORIGIN__:0x800060
                [0x00008000]                __TEXT_REGION_LENGTH__ = DEFINED (__TEXT_REGION_LENGTH__)?__TEXT_REGION_LENGTH__:0x20000
                [0x00000800]                __DATA_REGION_LENGTH__ = DEFINED (__DATA_REGION_LENGTH__)?__DATA_REGION_LENGTH__:0xffa0
                [0x00000400]                __EEPROM_REGION_LENGTH__ = DEFINED (__EEPROM_REGION_LENGTH__)?__EEPROM_REGION_LENGTH__:0x10000
                [0x00000002]                __FUSE_REGION_LENGTH__ = DEFINED (__FUSE_REGION_LENGTH__)?__FUSE_REGION_LENGTH__:0x400
                0x00000400                __LOCK_REGION_LENGTH__ = DEFINED (__LOCK_REGION_LENGTH__)?__LOCK_REGION_LENGTH__:0x400
                0x00000400                __SIGNATURE_REGION_LENGTH__ = DEFINED (__SIGNATURE_REGION_LENGTH__)?__SIGNATURE_REGION_LENGTH__:0x400
                0x00000400                __USER_SIGNATURE_REGION_LENGTH__ = DEFINED (__USER_SIGNATURE_REGION_LENGTH__)?__USER_SIGNATURE_REGION_LENGTH__:0x400

.hash
 *(.hash)

.dynsym
 *(.dynsym)

.dynstr
 *(.dynstr)

.gnu.version
 *(.gnu.version)

.gnu.version_d
 *(.gnu.version_d)

.gnu.version_r
 *(.gnu.version_r)

.rel.init
 *(.rel.init)

.rela.init
 *(.rela.init)

.rel.text
 *(.rel.text)
 *(.rel.text.*)
 *(.rel.gnu.linkonce.t*)

.rela.text
 *(.rela.text)
 *(.rela.text.*)
 *(.rela.gnu.linkonce.t*)

.rel.fini
 *(.rel.fini)

.rela.fini
 *(.rela.fini)

.rel.rodata
 *(.rel.rodata)
 *(.rel.rodata.*)
 *(.rel.gnu.linkonce.r*)

.rela.rodata
 *(.rela.rodata)
 *(.rela.rodata.*)
 *(.rela.gnu.linkonce.r*)

.rel.data
 *(.rel.data)
 *(.rel.data.*)
 *(.rel.gnu.linkonce.d*)

.rela.data
 *(.rela.data)
 *(.rela.data.*)
 *(.rela.gnu.linkonce.d*)

.rel.ctors
 *(.rel.ctors)

.rela.ctors
 *(.rela.ctors)

.rel.dtors
 *(.rel.dtors)

.rela.dtors
 *(.rela.dtors)

.rel.got
 *(.rel.got)

.rela.got
 *(.rela.got)

.rel.bss
 *(.rel.bss)

.rela.bss
 *(.rela.bss)

.rel.plt
 *(.rel.plt)

.rela.plt
 *(.rela.plt)

.text           0x00000000      0x89a
 *(.vectors)
 .vectors       0x00000000       0x54 C:/Program Files (x86)/Atmel/Studio/7.0/Packs/atmel/ATmega_DFP/1.7.374/gcc/dev/atmega32/avr5/crtatmega32.o
                0x00000000                __vector_default
                0x00000000                __vectors
 *(.vectors)
 *(.progmem.gcc*)
                0x00000054                . = ALIGN (0x2)
                0x00000054                __trampolines_start = .
 *(.trampolines)
 .trampolines   0x00000054        0x0 linker stubs
 *(.trampolines*)
                0x00000054                __trampolines_end = .
 *libprintf_flt.a:*(.progmem.data)
 *libc.a:*(.progmem.data)
 *(.progmem*)
                0x00000054                . = ALIGN (0x2)
 *(.jumptables)
 *(.jumptables*)
 *(.lowtext)
 *(.lowtext*)
                0x00000054                __ctors_start = .
 *(.ctors)
                0x00000054                __ctors_end = .
                0x00000054                __dtors_start = .
 *(.dtors)
                0x00000054                __dtors_end = .
 SORT(*)(.ctors)
 SORT(*)(.dtors)
 *(.init0)
 .init0         0x00000054        0x0 C:/Program Files (x86)/Atmel/Studio/7.0/Packs/atmel/ATmega_DFP/1.7.374/gcc/dev/atmega32/avr5/crtatmega32.o
                0x00000054                __init
 *(.init0)
 *(.init1)
 *(.init1)
 *(.init2)
 .init2         0x00000054        0xc C:/Program Files (x86)/Atmel/Studio/7.0/Packs/atmel/ATmega_DFP/1.7.374/gcc/dev/atmega32/avr5/crtatmega32.o
 *(.init2)
 *(.init3)
 *(.init3)
 *(.init4)
 .init4         0x00000060       0x16 c:/program files (x86)/atmel/studio/7.0/toolchain/avr8/avr8-gnu-toolchain/bin/../lib/gcc/avr/5.4.0/avr5\libgcc.a(_copy_data.o)
                0x00000060                __do_copy_data
 .init4         0x00000076       0x10 c:/program files (x86)/atmel/studio/7.0/toolchain/avr8/avr8-gnu-toolchain/bin/../lib/gcc/avr/5.4.0/avr5\libgcc.a(_clear_bss.o)
                0x00000076                __do_clear_bss
 *(.init4)
 *(.init5)
 *(.init5)
 *(.init6)
 *(.init6)
 *(.init7)
 *(.init7)
 *(.init8)
 *(.init8)
 *(.init9)
 .init9         0x00000086        0x8 C:/Program Files (x86)/Atmel/Studio/7.0/Packs/atmel/ATmega_DFP/1.7.374/gcc/dev/atmega32/avr5/crtatmega32.o
 *(.init9)
 *(.text)
 .text          0x0000008e        0x4 C:/Program Files (x86)/Atmel/Studio/7.0/Packs/atmel/ATmega_DFP/1.7.374/gcc/dev/atmega32/avr5/crtatmega32.o
                0x0000008e                __vector_1
                0x0000008e                __vector_12
                0x0000008e                __bad_interrupt
                0x0000008e                __vector_6
                0x0000008e                __vector_3
                0x0000008e                __vector_11
                0x0000008e                __vector_13
                0x0000008e                __vector_17
                0x0000008e                __vector_19
                0x0000008e                __vector_7
                0x0000008e                __vector_5
                0x0000008e                __vector_4
                0x0000008e                __vector_9
                0x0000008e                __vector_2
                0x0000008e                __vector_15
                0x0000008e                __vector_8
                0x0000008e                __vector_14
                0x0000008e                __vector_16
                0x0000008e                __vector_18
                0x0000008e                __vector_20
                0x00000092                . = ALIGN (0x2)
 *(.text.*)
 .text.Application_init
                0x00000092        0xe application.o
                0x00000092                Application_init
 .text.Application_start
                0x000000a0        0xe application.o
                0x000000a0                Application_start
 .text.button_init
                0x000000ae       0x26 ECUCAL/buttons/button.o
                0x000000ae                button_init
 .text.button_read
                0x000000d4       0x52 ECUCAL/buttons/button.o
                0x000000d4                button_read
 .text.led_init
                0x00000126       0x24 ECUCAL/leds/led.o
                0x00000126                led_init
 .text.led_write
                0x0000014a       0x42 ECUCAL/leds/led.o
                0x0000014a                led_write
 .text.led_toggle
                0x0000018c       0x1a ECUCAL/leds/led.o
                0x0000018c                led_toggle
 .text.T0_callback0
                0x000001a6       0x1c ECUCAL/TrafficLights/traffic.o
                0x000001a6                T0_callback0
 .text.T0_callback1
                0x000001c2       0x1c ECUCAL/TrafficLights/traffic.o
                0x000001c2                T0_callback1
 .text.T0_callback2
                0x000001de       0x1c ECUCAL/TrafficLights/traffic.o
                0x000001de                T0_callback2
 .text.T0_callback3
                0x000001fa       0x1c ECUCAL/TrafficLights/traffic.o
                0x000001fa                T0_callback3
 .text.Traffic1_init
                0x00000216       0x5c ECUCAL/TrafficLights/traffic.o
                0x00000216                Traffic1_init
 .text.Traffic2_init
                0x00000272       0x5c ECUCAL/TrafficLights/traffic.o
                0x00000272                Traffic2_init
 .text.Traffic1_FSM
                0x000002ce       0xd0 ECUCAL/TrafficLights/traffic.o
                0x000002ce                Traffic1_FSM
 .text.Traffic2_FSM
                0x0000039e       0xd0 ECUCAL/TrafficLights/traffic.o
                0x0000039e                Traffic2_FSM
 .text.Traffic1_start
                0x0000046e       0x34 ECUCAL/TrafficLights/traffic.o
                0x0000046e                Traffic1_start
 .text.Traffic2_start
                0x000004a2       0x34 ECUCAL/TrafficLights/traffic.o
                0x000004a2                Traffic2_start
 .text.Traffic1_SetState
                0x000004d6       0x10 ECUCAL/TrafficLights/traffic.o
                0x000004d6                Traffic1_SetState
 .text.Traffic2_SetState
                0x000004e6       0x10 ECUCAL/TrafficLights/traffic.o
                0x000004e6                Traffic2_SetState
 .text.main     0x000004f6        0xe main.o
                0x000004f6                main
 .text.Timer0_ch2RST
                0x00000504        0xa MCAL/timers/timers.o
                0x00000504                Timer0_ch2RST
 .text.Timer0_ch4RST
                0x0000050e        0xa MCAL/timers/timers.o
                0x0000050e                Timer0_ch4RST
 .text.Timer0_init
                0x00000518       0x1c MCAL/timers/timers.o
                0x00000518                Timer0_init
 .text.Timer0_init_ch1
                0x00000534       0x20 MCAL/timers/timers.o
                0x00000534                Timer0_init_ch1
 .text.Timer0_init_ch2
                0x00000554       0x20 MCAL/timers/timers.o
                0x00000554                Timer0_init_ch2
 .text.Timer0_init_ch3
                0x00000574       0x20 MCAL/timers/timers.o
                0x00000574                Timer0_init_ch3
 .text.Timer0_init_ch4
                0x00000594       0x20 MCAL/timers/timers.o
                0x00000594                Timer0_init_ch4
 .text.__vector_10
                0x000005b4       0xfc MCAL/timers/timers.o
                0x000005b4                __vector_10
 .text.CarTraffic_init
                0x000006b0       0x32 SERVICE/CarTrafficlights/cartraffic.o
                0x000006b0                CarTraffic_init
 .text.CarTrafficUpdateStatus
                0x000006e2       0x14 SERVICE/CarTrafficlights/cartraffic.o
                0x000006e2                CarTrafficUpdateStatus
 .text.CarTrafficStopRequest
                0x000006f6       0x12 SERVICE/CarTrafficlights/cartraffic.o
                0x000006f6                CarTrafficStopRequest
 .text.CarTraffic_start
                0x00000708        0xe SERVICE/CarTrafficlights/cartraffic.o
                0x00000708                CarTraffic_start
 .text.WalkerInterface_init
                0x00000716       0x6c SERVICE/WalkerInterface/walkerinterface.o
                0x00000716                WalkerInterface_init
 .text.WalkerInterface_sendWalkRequest
                0x00000782        0x8 SERVICE/WalkerInterface/walkerinterface.o
                0x00000782                WalkerInterface_sendWalkRequest
 .text.WalkerInterface_start
                0x0000078a       0x58 SERVICE/WalkerInterface/walkerinterface.o
                0x0000078a                WalkerInterface_start
 .text.WalkerInterface_ChangeStatus
                0x000007e2        0x8 SERVICE/WalkerInterface/walkerinterface.o
                0x000007e2                WalkerInterface_ChangeStatus
 .text.WalkerTraffic_init
                0x000007ea       0x28 SERVICE/WalkerTrafficLights/walkertraffic.o
                0x000007ea                WalkerTraffic_init
 .text.WalkerTraffic_RespondUpdateRequest
                0x00000812       0x3a SERVICE/WalkerTrafficLights/walkertraffic.o
                0x00000812                WalkerTraffic_RespondUpdateRequest
 .text.WalkerTraffic_RespondWalkRequest
                0x0000084c       0x1e SERVICE/WalkerTrafficLights/walkertraffic.o
                0x0000084c                WalkerTraffic_RespondWalkRequest
 .text.WalkerTraffic_start
                0x0000086a        0xe SERVICE/WalkerTrafficLights/walkertraffic.o
                0x0000086a                WalkerTraffic_start
 .text.libgcc.mul
                0x00000878       0x1e c:/program files (x86)/atmel/studio/7.0/toolchain/avr8/avr8-gnu-toolchain/bin/../lib/gcc/avr/5.4.0/avr5\libgcc.a(_umulhisi3.o)
                0x00000878                __umulhisi3
                0x00000896                . = ALIGN (0x2)
 *(.fini9)
 .fini9         0x00000896        0x0 c:/program files (x86)/atmel/studio/7.0/toolchain/avr8/avr8-gnu-toolchain/bin/../lib/gcc/avr/5.4.0/avr5\libgcc.a(_exit.o)
                0x00000896                _exit
                0x00000896                exit
 *(.fini9)
 *(.fini8)
 *(.fini8)
 *(.fini7)
 *(.fini7)
 *(.fini6)
 *(.fini6)
 *(.fini5)
 *(.fini5)
 *(.fini4)
 *(.fini4)
 *(.fini3)
 *(.fini3)
 *(.fini2)
 *(.fini2)
 *(.fini1)
 *(.fini1)
 *(.fini0)
 .fini0         0x00000896        0x4 c:/program files (x86)/atmel/studio/7.0/toolchain/avr8/avr8-gnu-toolchain/bin/../lib/gcc/avr/5.4.0/avr5\libgcc.a(_exit.o)
 *(.fini0)
                0x0000089a                _etext = .

.data           0x00800060        0x8 load address 0x0000089a
                0x00800060                PROVIDE (__data_start, .)
 *(.data)
 *(.data*)
 .data.dchannel4
                0x00800060        0x2 MCAL/timers/timers.o
 .data.dchannel3
                0x00800062        0x2 MCAL/timers/timers.o
 .data.dchannel2
                0x00800064        0x2 MCAL/timers/timers.o
 .data.dchannel1
                0x00800066        0x2 MCAL/timers/timers.o
 *(.gnu.linkonce.d*)
 *(.rodata)
 *(.rodata*)
 *(.gnu.linkonce.r*)
                0x00800068                . = ALIGN (0x2)
                0x00800068                _edata = .
                0x00800068                PROVIDE (__data_end, .)

.bss            0x00800068       0x3b
                0x00800068                PROVIDE (__bss_start, .)
 *(.bss)
 *(.bss*)
 .bss.TRAFF2    0x00800068        0x2 ECUCAL/TrafficLights/traffic.o
 .bss.TRAFF1    0x0080006a        0x2 ECUCAL/TrafficLights/traffic.o
 .bss.channle4  0x0080006c        0x2 MCAL/timers/timers.o
 .bss.channle3  0x0080006e        0x2 MCAL/timers/timers.o
 .bss.channle2  0x00800070        0x2 MCAL/timers/timers.o
 .bss.channle1  0x00800072        0x2 MCAL/timers/timers.o
 *(COMMON)
 COMMON         0x00800074       0x2f application.o
                0x00800074                WalkerTrafficLights
                0x00800086                walker_btn
                0x0080008a                PowerIndicator
                0x0080008e                locker
                0x0080008f                CarTrafficLights
                0x008000a3                PROVIDE (__bss_end, .)
                0x0000089a                __data_load_start = LOADADDR (.data)
                0x000008a2                __data_load_end = (__data_load_start + SIZEOF (.data))

.noinit         0x008000a3        0x0
                [!provide]                PROVIDE (__noinit_start, .)
 *(.noinit*)
                [!provide]                PROVIDE (__noinit_end, .)
                0x008000a3                _end = .
                [!provide]                PROVIDE (__heap_start, .)

.eeprom         0x00810000        0x0
 *(.eeprom*)
                0x00810000                __eeprom_end = .

.fuse
 *(.fuse)
 *(.lfuse)
 *(.hfuse)
 *(.efuse)

.lock
 *(.lock*)

.signature
 *(.signature*)

.user_signatures
 *(.user_signatures*)

.stab
 *(.stab)

.stabstr
 *(.stabstr)

.stab.excl
 *(.stab.excl)

.stab.exclstr
 *(.stab.exclstr)

.stab.index
 *(.stab.index)

.stab.indexstr
 *(.stab.indexstr)

.comment        0x00000000       0x30
 *(.comment)
 .comment       0x00000000       0x30 application.o
                                 0x31 (size before relaxing)
 .comment       0x00000030       0x31 ECUCAL/buttons/button.o
 .comment       0x00000030       0x31 ECUCAL/leds/led.o
 .comment       0x00000030       0x31 ECUCAL/TrafficLights/traffic.o
 .comment       0x00000030       0x31 main.o
 .comment       0x00000030       0x31 MCAL/timers/timers.o
 .comment       0x00000030       0x31 SERVICE/CarTrafficlights/cartraffic.o
 .comment       0x00000030       0x31 SERVICE/WalkerInterface/walkerinterface.o
 .comment       0x00000030       0x31 SERVICE/WalkerTrafficLights/walkertraffic.o

.note.gnu.avr.deviceinfo
                0x00000000       0x3c
 .note.gnu.avr.deviceinfo
                0x00000000       0x3c C:/Program Files (x86)/Atmel/Studio/7.0/Packs/atmel/ATmega_DFP/1.7.374/gcc/dev/atmega32/avr5/crtatmega32.o

.note.gnu.build-id
 *(.note.gnu.build-id)

.debug
 *(.debug)

.line
 *(.line)

.debug_srcinfo
 *(.debug_srcinfo)

.debug_sfnames
 *(.debug_sfnames)

.debug_aranges  0x00000000      0x238
 *(.debug_aranges)
 .debug_aranges
                0x00000000       0x28 application.o
 .debug_aranges
                0x00000028       0x28 ECUCAL/buttons/button.o
 .debug_aranges
                0x00000050       0x30 ECUCAL/leds/led.o
 .debug_aranges
                0x00000080       0x78 ECUCAL/TrafficLights/traffic.o
 .debug_aranges
                0x000000f8       0x20 main.o
 .debug_aranges
                0x00000118       0x78 MCAL/timers/timers.o
 .debug_aranges
                0x00000190       0x38 SERVICE/CarTrafficlights/cartraffic.o
 .debug_aranges
                0x000001c8       0x38 SERVICE/WalkerInterface/walkerinterface.o
 .debug_aranges
                0x00000200       0x38 SERVICE/WalkerTrafficLights/walkertraffic.o

.debug_pubnames
 *(.debug_pubnames)

.debug_info     0x00000000     0x2330
 *(.debug_info .gnu.linkonce.wi.*)
 .debug_info    0x00000000      0x4e6 C:/Program Files (x86)/Atmel/Studio/7.0/Packs/atmel/ATmega_DFP/1.7.374/gcc/dev/atmega32/avr5/crtatmega32.o
 .debug_info    0x000004e6      0x3e9 application.o
 .debug_info    0x000008cf      0x15b ECUCAL/buttons/button.o
 .debug_info    0x00000a2a      0x169 ECUCAL/leds/led.o
 .debug_info    0x00000b93      0x67e ECUCAL/TrafficLights/traffic.o
 .debug_info    0x00001211      0x37b main.o
 .debug_info    0x0000158c      0x2e7 MCAL/timers/timers.o
 .debug_info    0x00001873      0x2e8 SERVICE/CarTrafficlights/cartraffic.o
 .debug_info    0x00001b5b      0x430 SERVICE/WalkerInterface/walkerinterface.o
 .debug_info    0x00001f8b      0x3a5 SERVICE/WalkerTrafficLights/walkertraffic.o

.debug_abbrev   0x00000000      0xe1d
 *(.debug_abbrev)
 .debug_abbrev  0x00000000      0x4a3 C:/Program Files (x86)/Atmel/Studio/7.0/Packs/atmel/ATmega_DFP/1.7.374/gcc/dev/atmega32/avr5/crtatmega32.o
 .debug_abbrev  0x000004a3       0xfa application.o
 .debug_abbrev  0x0000059d       0xde ECUCAL/buttons/button.o
 .debug_abbrev  0x0000067b       0xeb ECUCAL/leds/led.o
 .debug_abbrev  0x00000766      0x17f ECUCAL/TrafficLights/traffic.o
 .debug_abbrev  0x000008e5       0xe3 main.o
 .debug_abbrev  0x000009c8       0xda MCAL/timers/timers.o
 .debug_abbrev  0x00000aa2      0x124 SERVICE/CarTrafficlights/cartraffic.o
 .debug_abbrev  0x00000bc6      0x131 SERVICE/WalkerInterface/walkerinterface.o
 .debug_abbrev  0x00000cf7      0x126 SERVICE/WalkerTrafficLights/walkertraffic.o

.debug_line     0x00000000     0x11ee
 *(.debug_line .debug_line.* .debug_line_end)
 .debug_line    0x00000000      0x116 C:/Program Files (x86)/Atmel/Studio/7.0/Packs/atmel/ATmega_DFP/1.7.374/gcc/dev/atmega32/avr5/crtatmega32.o
 .debug_line    0x00000116      0x1cb application.o
 .debug_line    0x000002e1      0x114 ECUCAL/buttons/button.o
 .debug_line    0x000003f5       0xfa ECUCAL/leds/led.o
 .debug_line    0x000004ef      0x377 ECUCAL/TrafficLights/traffic.o
 .debug_line    0x00000866      0x1a7 main.o
 .debug_line    0x00000a0d      0x220 MCAL/timers/timers.o
 .debug_line    0x00000c2d      0x1a1 SERVICE/CarTrafficlights/cartraffic.o
 .debug_line    0x00000dce      0x226 SERVICE/WalkerInterface/walkerinterface.o
 .debug_line    0x00000ff4      0x1fa SERVICE/WalkerTrafficLights/walkertraffic.o

.debug_frame    0x00000000      0x3ec
 *(.debug_frame)
 .debug_frame   0x00000000       0x34 application.o
 .debug_frame   0x00000034       0x34 ECUCAL/buttons/button.o
 .debug_frame   0x00000068       0x44 ECUCAL/leds/led.o
 .debug_frame   0x000000ac       0xec ECUCAL/TrafficLights/traffic.o
 .debug_frame   0x00000198       0x24 main.o
 .debug_frame   0x000001bc      0x11c MCAL/timers/timers.o
 .debug_frame   0x000002d8       0x60 SERVICE/CarTrafficlights/cartraffic.o
 .debug_frame   0x00000338       0x60 SERVICE/WalkerInterface/walkerinterface.o
 .debug_frame   0x00000398       0x54 SERVICE/WalkerTrafficLights/walkertraffic.o

.debug_str      0x00000000      0x8b8
 *(.debug_str)
 .debug_str     0x00000000      0x196 C:/Program Files (x86)/Atmel/Studio/7.0/Packs/atmel/ATmega_DFP/1.7.374/gcc/dev/atmega32/avr5/crtatmega32.o
 .debug_str     0x00000196      0x356 application.o
                                0x3a9 (size before relaxing)
 .debug_str     0x000004ec       0x4a ECUCAL/buttons/button.o
                                0x1e5 (size before relaxing)
 .debug_str     0x00000536       0x33 ECUCAL/leds/led.o
                                0x1c5 (size before relaxing)
 .debug_str     0x00000569      0x13c ECUCAL/TrafficLights/traffic.o
                                0x368 (size before relaxing)
 .debug_str     0x000006a5       0x11 main.o
                                0x334 (size before relaxing)
 .debug_str     0x000006b6       0xcf MCAL/timers/timers.o
                                0x2dd (size before relaxing)
 .debug_str     0x00000785       0x56 SERVICE/CarTrafficlights/cartraffic.o
                                0x2fe (size before relaxing)
 .debug_str     0x000007db       0x6a SERVICE/WalkerInterface/walkerinterface.o
                                0x3d1 (size before relaxing)
 .debug_str     0x00000845       0x73 SERVICE/WalkerTrafficLights/walkertraffic.o
                                0x382 (size before relaxing)

.debug_loc      0x00000000      0x361
 *(.debug_loc)
 .debug_loc     0x00000000       0x34 ECUCAL/buttons/button.o
 .debug_loc     0x00000034       0xa2 ECUCAL/leds/led.o
 .debug_loc     0x000000d6       0xca ECUCAL/TrafficLights/traffic.o
 .debug_loc     0x000001a0      0x163 MCAL/timers/timers.o
 .debug_loc     0x00000303       0x2f SERVICE/CarTrafficlights/cartraffic.o
 .debug_loc     0x00000332       0x2f SERVICE/WalkerInterface/walkerinterface.o

.debug_macinfo
 *(.debug_macinfo)

.debug_weaknames
 *(.debug_weaknames)

.debug_funcnames
 *(.debug_funcnames)

.debug_typenames
 *(.debug_typenames)

.debug_varnames
 *(.debug_varnames)

.debug_pubtypes
 *(.debug_pubtypes)

.debug_ranges   0x00000000      0x1a8
 *(.debug_ranges)
 .debug_ranges  0x00000000       0x18 application.o
 .debug_ranges  0x00000018       0x18 ECUCAL/buttons/button.o
 .debug_ranges  0x00000030       0x20 ECUCAL/leds/led.o
 .debug_ranges  0x00000050       0x68 ECUCAL/TrafficLights/traffic.o
 .debug_ranges  0x000000b8       0x10 main.o
 .debug_ranges  0x000000c8       0x68 MCAL/timers/timers.o
 .debug_ranges  0x00000130       0x28 SERVICE/CarTrafficlights/cartraffic.o
 .debug_ranges  0x00000158       0x28 SERVICE/WalkerInterface/walkerinterface.o
 .debug_ranges  0x00000180       0x28 SERVICE/WalkerTrafficLights/walkertraffic.o

.debug_macro
 *(.debug_macro)
OUTPUT(TrafficLight.elf elf32-avr)
LOAD linker stubs
